// Jest Snapshot v1, https://goo.gl/fbAQLP

exports[`Should render Header correctly 1`] = `
<div>
  <header>
    <h1>
      Expensify
    </h1>
    <NavLink
      activeClassName="is-active"
      exact={true}
      to="/"
    >
      Dashboard
       
    </NavLink>
    <NavLink
      activeClassName="is-active"
      exact={true}
      to="/create"
    >
      Create expense
       
    </NavLink>
    <NavLink
      activeClassName="is-active"
      exact={true}
      to="/help"
    >
      Help
       
    </NavLink>
  </header>
</div>
`;
